{
  "version": "1.5.0",
  "plugins_used": [
    {
      "name": "ArtifactoryDetector"
    },
    {
      "name": "AWSKeyDetector"
    },
    {
      "name": "AzureStorageKeyDetector"
    },
    {
      "name": "Base64HighEntropyString",
      "limit": 4.5
    },
    {
      "name": "BasicAuthDetector"
    },
    {
      "name": "CloudantDetector"
    },
    {
      "name": "DiscordBotTokenDetector"
    },
    {
      "name": "GitHubTokenDetector"
    },
    {
      "name": "GitLabTokenDetector"
    },
    {
      "name": "HexHighEntropyString",
      "limit": 3.0
    },
    {
      "name": "IbmCloudIamDetector"
    },
    {
      "name": "IbmCosHmacDetector"
    },
    {
      "name": "IPPublicDetector"
    },
    {
      "name": "JwtTokenDetector"
    },
    {
      "name": "KeywordDetector",
      "keyword_exclude": ""
    },
    {
      "name": "MailchimpDetector"
    },
    {
      "name": "NpmDetector"
    },
    {
      "name": "OpenAIDetector"
    },
    {
      "name": "PrivateKeyDetector"
    },
    {
      "name": "PypiTokenDetector"
    },
    {
      "name": "SendGridDetector"
    },
    {
      "name": "SlackDetector"
    },
    {
      "name": "SoftlayerDetector"
    },
    {
      "name": "SquareOAuthDetector"
    },
    {
      "name": "StripeDetector"
    },
    {
      "name": "TelegramBotTokenDetector"
    },
    {
      "name": "TwilioKeyDetector"
    }
  ],
  "filters_used": [
    {
      "path": "detect_secrets.filters.allowlist.is_line_allowlisted"
    },
    {
      "path": "detect_secrets.filters.common.is_ignored_due_to_verification_policies",
      "min_level": 2
    },
    {
      "path": "detect_secrets.filters.heuristic.is_indirect_reference"
    },
    {
      "path": "detect_secrets.filters.heuristic.is_likely_id_string"
    },
    {
      "path": "detect_secrets.filters.heuristic.is_lock_file"
    },
    {
      "path": "detect_secrets.filters.heuristic.is_not_alphanumeric_string"
    },
    {
      "path": "detect_secrets.filters.heuristic.is_potential_uuid"
    },
    {
      "path": "detect_secrets.filters.heuristic.is_prefixed_with_dollar_sign"
    },
    {
      "path": "detect_secrets.filters.heuristic.is_sequential_string"
    },
    {
      "path": "detect_secrets.filters.heuristic.is_swagger_file"
    },
    {
      "path": "detect_secrets.filters.heuristic.is_templated_secret"
    },
    {
      "path": "detect_secrets.filters.regex.should_exclude_file",
      "pattern": [
        "\\.git/.*",
        "\\.env\\.example",
        "CLAUDE\\.md"
      ]
    }
  ],
  "results": {
    "README.md": [
      {
        "type": "Secret Keyword",
        "filename": "README.md",
        "hashed_secret": "f62b48a9921642650545ae5caf753f9b16eef1f8",
        "is_verified": false,
        "line_number": 258
      },
      {
        "type": "Secret Keyword",
        "filename": "README.md",
        "hashed_secret": "6376b68f268cf37030dd9839539d667c48922c40",
        "is_verified": false,
        "line_number": 327
      }
    ],
    "docs/NOTIFICATIONS.md": [
      {
        "type": "Secret Keyword",
        "filename": "docs/NOTIFICATIONS.md",
        "hashed_secret": "9924b353fca602108662abb196b2892f862174e0",
        "is_verified": false,
        "line_number": 267
      }
    ],
    "docs/QUICKSTART.md": [
      {
        "type": "Secret Keyword",
        "filename": "docs/QUICKSTART.md",
        "hashed_secret": "b6c178f3679e56b59bd6b743ca8431dd3b13a468",
        "is_verified": false,
        "line_number": 138
      }
    ],
    "docs/ROADMAP.md": [
      {
        "type": "Secret Keyword",
        "filename": "docs/ROADMAP.md",
        "hashed_secret": "76ed0a056aa77060de25754586440cff390791d0",
        "is_verified": false,
        "line_number": 173
      }
    ],
    "examples/config.example.json": [
      {
        "type": "Secret Keyword",
        "filename": "examples/config.example.json",
        "hashed_secret": "9924b353fca602108662abb196b2892f862174e0",
        "is_verified": false,
        "line_number": 37
      }
    ],
    "spec/openapi-demo.json": [
      {
        "type": "Base64 High Entropy String",
        "filename": "spec/openapi-demo.json",
        "hashed_secret": "250c9e6f25fce7678a1525c36c085a3b9db8d9b4",
        "is_verified": false,
        "line_number": 53
      },
      {
        "type": "Hex High Entropy String",
        "filename": "spec/openapi-demo.json",
        "hashed_secret": "c6cf4d0bbb9fb73fb89afea9ae8187f63f915d51",
        "is_verified": false,
        "line_number": 400
      },
      {
        "type": "Base64 High Entropy String",
        "filename": "spec/openapi-demo.json",
        "hashed_secret": "6bb1b5ac7776b606b1431ab5566c4b111b712e74",
        "is_verified": false,
        "line_number": 496
      },
      {
        "type": "Hex High Entropy String",
        "filename": "spec/openapi-demo.json",
        "hashed_secret": "c357e19b8bb9a538d9a125611400c57cc6d6a23b",
        "is_verified": false,
        "line_number": 700
      },
      {
        "type": "Base64 High Entropy String",
        "filename": "spec/openapi-demo.json",
        "hashed_secret": "7d5689b3ec2c33a40ee39eae836b8fa0a6569e7f",
        "is_verified": false,
        "line_number": 718
      },
      {
        "type": "Hex High Entropy String",
        "filename": "spec/openapi-demo.json",
        "hashed_secret": "89d4cce31620aeed88ce1b8950a3f65f5049c85c",
        "is_verified": false,
        "line_number": 949
      },
      {
        "type": "Hex High Entropy String",
        "filename": "spec/openapi-demo.json",
        "hashed_secret": "ca8acf1e0c749f542725269e6d76fd5f5589f331",
        "is_verified": false,
        "line_number": 2071
      },
      {
        "type": "Base64 High Entropy String",
        "filename": "spec/openapi-demo.json",
        "hashed_secret": "1d61e2edb5dd6211e22ddc2c1b5ac539b0766451",
        "is_verified": false,
        "line_number": 2914
      },
      {
        "type": "Base64 High Entropy String",
        "filename": "spec/openapi-demo.json",
        "hashed_secret": "5b33366574b6fe973af6f012597249dc94f9b94f",
        "is_verified": false,
        "line_number": 2948
      },
      {
        "type": "Base64 High Entropy String",
        "filename": "spec/openapi-demo.json",
        "hashed_secret": "a38faae3a78c3533cb498986dd7b8dfca0ef84dc",
        "is_verified": false,
        "line_number": 3067
      },
      {
        "type": "Base64 High Entropy String",
        "filename": "spec/openapi-demo.json",
        "hashed_secret": "bf3ade79c528b5194e7f9436776b54598fdf2023",
        "is_verified": false,
        "line_number": 3214
      },
      {
        "type": "Base64 High Entropy String",
        "filename": "spec/openapi-demo.json",
        "hashed_secret": "02a69ad986d80215c0e7ace6b97f9cc11bff2130",
        "is_verified": false,
        "line_number": 3216
      },
      {
        "type": "Base64 High Entropy String",
        "filename": "spec/openapi-demo.json",
        "hashed_secret": "22931cd6ea15d1af1337c559d3f860fc2b6d390c",
        "is_verified": false,
        "line_number": 3427
      },
      {
        "type": "Base64 High Entropy String",
        "filename": "spec/openapi-demo.json",
        "hashed_secret": "5beabafccdca49c6a8b50c9fcc15808e8213caff",
        "is_verified": false,
        "line_number": 3697
      },
      {
        "type": "Base64 High Entropy String",
        "filename": "spec/openapi-demo.json",
        "hashed_secret": "63cae63dbcad49cfddf97037e503f2f351812b9b",
        "is_verified": false,
        "line_number": 4594
      },
      {
        "type": "JSON Web Token",
        "filename": "spec/openapi-demo.json",
        "hashed_secret": "d6909cb1fa03429e9228e1a85ca42b2507625138",
        "is_verified": false,
        "line_number": 5076
      },
      {
        "type": "JSON Web Token",
        "filename": "spec/openapi-demo.json",
        "hashed_secret": "f12457b73a3f390092fb4134ded04bae5889803f",
        "is_verified": false,
        "line_number": 5407
      },
      {
        "type": "Base64 High Entropy String",
        "filename": "spec/openapi-demo.json",
        "hashed_secret": "5a7e1295c9ab2c103b00f31d5a7697e8b6a4fd23",
        "is_verified": false,
        "line_number": 5716
      },
      {
        "type": "Base64 High Entropy String",
        "filename": "spec/openapi-demo.json",
        "hashed_secret": "d148a11dceb1967c813fd16968991fe50c3c3d12",
        "is_verified": false,
        "line_number": 5718
      },
      {
        "type": "Base64 High Entropy String",
        "filename": "spec/openapi-demo.json",
        "hashed_secret": "9226121603176e8e35b44d2b7126d34d9ecdf875",
        "is_verified": false,
        "line_number": 5926
      },
      {
        "type": "Base64 High Entropy String",
        "filename": "spec/openapi-demo.json",
        "hashed_secret": "af42652b12da2c7b152d2f697f3ee7ab40a06d9b",
        "is_verified": false,
        "line_number": 5931
      },
      {
        "type": "Base64 High Entropy String",
        "filename": "spec/openapi-demo.json",
        "hashed_secret": "c6a13cb091ea8f27e9e2399e88a5fa311114741c",
        "is_verified": false,
        "line_number": 5936
      },
      {
        "type": "Hex High Entropy String",
        "filename": "spec/openapi-demo.json",
        "hashed_secret": "8e7aa7dfc4d15aa7a967c0c20487a6807240c86e",
        "is_verified": false,
        "line_number": 7267
      }
    ],
    "spec/openapi-test.json": [
      {
        "type": "Base64 High Entropy String",
        "filename": "spec/openapi-test.json",
        "hashed_secret": "250c9e6f25fce7678a1525c36c085a3b9db8d9b4",
        "is_verified": false,
        "line_number": 53
      },
      {
        "type": "Hex High Entropy String",
        "filename": "spec/openapi-test.json",
        "hashed_secret": "c6cf4d0bbb9fb73fb89afea9ae8187f63f915d51",
        "is_verified": false,
        "line_number": 400
      },
      {
        "type": "Base64 High Entropy String",
        "filename": "spec/openapi-test.json",
        "hashed_secret": "6bb1b5ac7776b606b1431ab5566c4b111b712e74",
        "is_verified": false,
        "line_number": 496
      },
      {
        "type": "Hex High Entropy String",
        "filename": "spec/openapi-test.json",
        "hashed_secret": "c357e19b8bb9a538d9a125611400c57cc6d6a23b",
        "is_verified": false,
        "line_number": 700
      },
      {
        "type": "Base64 High Entropy String",
        "filename": "spec/openapi-test.json",
        "hashed_secret": "7d5689b3ec2c33a40ee39eae836b8fa0a6569e7f",
        "is_verified": false,
        "line_number": 718
      },
      {
        "type": "Hex High Entropy String",
        "filename": "spec/openapi-test.json",
        "hashed_secret": "89d4cce31620aeed88ce1b8950a3f65f5049c85c",
        "is_verified": false,
        "line_number": 949
      },
      {
        "type": "Hex High Entropy String",
        "filename": "spec/openapi-test.json",
        "hashed_secret": "ca8acf1e0c749f542725269e6d76fd5f5589f331",
        "is_verified": false,
        "line_number": 3300
      },
      {
        "type": "Base64 High Entropy String",
        "filename": "spec/openapi-test.json",
        "hashed_secret": "1d61e2edb5dd6211e22ddc2c1b5ac539b0766451",
        "is_verified": false,
        "line_number": 4143
      },
      {
        "type": "Base64 High Entropy String",
        "filename": "spec/openapi-test.json",
        "hashed_secret": "5b33366574b6fe973af6f012597249dc94f9b94f",
        "is_verified": false,
        "line_number": 4177
      },
      {
        "type": "Base64 High Entropy String",
        "filename": "spec/openapi-test.json",
        "hashed_secret": "a38faae3a78c3533cb498986dd7b8dfca0ef84dc",
        "is_verified": false,
        "line_number": 4296
      },
      {
        "type": "Base64 High Entropy String",
        "filename": "spec/openapi-test.json",
        "hashed_secret": "bf3ade79c528b5194e7f9436776b54598fdf2023",
        "is_verified": false,
        "line_number": 4443
      },
      {
        "type": "Base64 High Entropy String",
        "filename": "spec/openapi-test.json",
        "hashed_secret": "02a69ad986d80215c0e7ace6b97f9cc11bff2130",
        "is_verified": false,
        "line_number": 4445
      },
      {
        "type": "Base64 High Entropy String",
        "filename": "spec/openapi-test.json",
        "hashed_secret": "22931cd6ea15d1af1337c559d3f860fc2b6d390c",
        "is_verified": false,
        "line_number": 4656
      },
      {
        "type": "Base64 High Entropy String",
        "filename": "spec/openapi-test.json",
        "hashed_secret": "5beabafccdca49c6a8b50c9fcc15808e8213caff",
        "is_verified": false,
        "line_number": 4926
      },
      {
        "type": "Base64 High Entropy String",
        "filename": "spec/openapi-test.json",
        "hashed_secret": "63cae63dbcad49cfddf97037e503f2f351812b9b",
        "is_verified": false,
        "line_number": 5823
      },
      {
        "type": "JSON Web Token",
        "filename": "spec/openapi-test.json",
        "hashed_secret": "d6909cb1fa03429e9228e1a85ca42b2507625138",
        "is_verified": false,
        "line_number": 6305
      },
      {
        "type": "JSON Web Token",
        "filename": "spec/openapi-test.json",
        "hashed_secret": "f12457b73a3f390092fb4134ded04bae5889803f",
        "is_verified": false,
        "line_number": 6636
      },
      {
        "type": "Base64 High Entropy String",
        "filename": "spec/openapi-test.json",
        "hashed_secret": "5a7e1295c9ab2c103b00f31d5a7697e8b6a4fd23",
        "is_verified": false,
        "line_number": 6945
      },
      {
        "type": "Base64 High Entropy String",
        "filename": "spec/openapi-test.json",
        "hashed_secret": "d148a11dceb1967c813fd16968991fe50c3c3d12",
        "is_verified": false,
        "line_number": 6947
      },
      {
        "type": "Base64 High Entropy String",
        "filename": "spec/openapi-test.json",
        "hashed_secret": "9226121603176e8e35b44d2b7126d34d9ecdf875",
        "is_verified": false,
        "line_number": 7155
      },
      {
        "type": "Base64 High Entropy String",
        "filename": "spec/openapi-test.json",
        "hashed_secret": "af42652b12da2c7b152d2f697f3ee7ab40a06d9b",
        "is_verified": false,
        "line_number": 7160
      },
      {
        "type": "Base64 High Entropy String",
        "filename": "spec/openapi-test.json",
        "hashed_secret": "c6a13cb091ea8f27e9e2399e88a5fa311114741c",
        "is_verified": false,
        "line_number": 7165
      },
      {
        "type": "Hex High Entropy String",
        "filename": "spec/openapi-test.json",
        "hashed_secret": "8e7aa7dfc4d15aa7a967c0c20487a6807240c86e",
        "is_verified": false,
        "line_number": 8496
      }
    ],
    "spec/openapi.json": [
      {
        "type": "Base64 High Entropy String",
        "filename": "spec/openapi.json",
        "hashed_secret": "250c9e6f25fce7678a1525c36c085a3b9db8d9b4",
        "is_verified": false,
        "line_number": 53
      },
      {
        "type": "Hex High Entropy String",
        "filename": "spec/openapi.json",
        "hashed_secret": "c6cf4d0bbb9fb73fb89afea9ae8187f63f915d51",
        "is_verified": false,
        "line_number": 400
      },
      {
        "type": "Base64 High Entropy String",
        "filename": "spec/openapi.json",
        "hashed_secret": "6bb1b5ac7776b606b1431ab5566c4b111b712e74",
        "is_verified": false,
        "line_number": 496
      },
      {
        "type": "Hex High Entropy String",
        "filename": "spec/openapi.json",
        "hashed_secret": "c357e19b8bb9a538d9a125611400c57cc6d6a23b",
        "is_verified": false,
        "line_number": 700
      },
      {
        "type": "Base64 High Entropy String",
        "filename": "spec/openapi.json",
        "hashed_secret": "7d5689b3ec2c33a40ee39eae836b8fa0a6569e7f",
        "is_verified": false,
        "line_number": 718
      },
      {
        "type": "Hex High Entropy String",
        "filename": "spec/openapi.json",
        "hashed_secret": "89d4cce31620aeed88ce1b8950a3f65f5049c85c",
        "is_verified": false,
        "line_number": 949
      },
      {
        "type": "Hex High Entropy String",
        "filename": "spec/openapi.json",
        "hashed_secret": "ca8acf1e0c749f542725269e6d76fd5f5589f331",
        "is_verified": false,
        "line_number": 2071
      },
      {
        "type": "Base64 High Entropy String",
        "filename": "spec/openapi.json",
        "hashed_secret": "1d61e2edb5dd6211e22ddc2c1b5ac539b0766451",
        "is_verified": false,
        "line_number": 2914
      },
      {
        "type": "Base64 High Entropy String",
        "filename": "spec/openapi.json",
        "hashed_secret": "5b33366574b6fe973af6f012597249dc94f9b94f",
        "is_verified": false,
        "line_number": 2948
      },
      {
        "type": "Base64 High Entropy String",
        "filename": "spec/openapi.json",
        "hashed_secret": "a38faae3a78c3533cb498986dd7b8dfca0ef84dc",
        "is_verified": false,
        "line_number": 3067
      },
      {
        "type": "Base64 High Entropy String",
        "filename": "spec/openapi.json",
        "hashed_secret": "bf3ade79c528b5194e7f9436776b54598fdf2023",
        "is_verified": false,
        "line_number": 3214
      },
      {
        "type": "Base64 High Entropy String",
        "filename": "spec/openapi.json",
        "hashed_secret": "02a69ad986d80215c0e7ace6b97f9cc11bff2130",
        "is_verified": false,
        "line_number": 3216
      },
      {
        "type": "Base64 High Entropy String",
        "filename": "spec/openapi.json",
        "hashed_secret": "22931cd6ea15d1af1337c559d3f860fc2b6d390c",
        "is_verified": false,
        "line_number": 3427
      },
      {
        "type": "Base64 High Entropy String",
        "filename": "spec/openapi.json",
        "hashed_secret": "5beabafccdca49c6a8b50c9fcc15808e8213caff",
        "is_verified": false,
        "line_number": 3697
      },
      {
        "type": "Base64 High Entropy String",
        "filename": "spec/openapi.json",
        "hashed_secret": "63cae63dbcad49cfddf97037e503f2f351812b9b",
        "is_verified": false,
        "line_number": 4594
      },
      {
        "type": "JSON Web Token",
        "filename": "spec/openapi.json",
        "hashed_secret": "d6909cb1fa03429e9228e1a85ca42b2507625138",
        "is_verified": false,
        "line_number": 5076
      },
      {
        "type": "JSON Web Token",
        "filename": "spec/openapi.json",
        "hashed_secret": "f12457b73a3f390092fb4134ded04bae5889803f",
        "is_verified": false,
        "line_number": 5407
      },
      {
        "type": "Base64 High Entropy String",
        "filename": "spec/openapi.json",
        "hashed_secret": "5a7e1295c9ab2c103b00f31d5a7697e8b6a4fd23",
        "is_verified": false,
        "line_number": 5716
      },
      {
        "type": "Base64 High Entropy String",
        "filename": "spec/openapi.json",
        "hashed_secret": "d148a11dceb1967c813fd16968991fe50c3c3d12",
        "is_verified": false,
        "line_number": 5718
      },
      {
        "type": "Base64 High Entropy String",
        "filename": "spec/openapi.json",
        "hashed_secret": "9226121603176e8e35b44d2b7126d34d9ecdf875",
        "is_verified": false,
        "line_number": 5926
      },
      {
        "type": "Base64 High Entropy String",
        "filename": "spec/openapi.json",
        "hashed_secret": "af42652b12da2c7b152d2f697f3ee7ab40a06d9b",
        "is_verified": false,
        "line_number": 5931
      },
      {
        "type": "Base64 High Entropy String",
        "filename": "spec/openapi.json",
        "hashed_secret": "c6a13cb091ea8f27e9e2399e88a5fa311114741c",
        "is_verified": false,
        "line_number": 5936
      },
      {
        "type": "Hex High Entropy String",
        "filename": "spec/openapi.json",
        "hashed_secret": "8e7aa7dfc4d15aa7a967c0c20487a6807240c86e",
        "is_verified": false,
        "line_number": 7267
      }
    ],
    "tests/conftest.py": [
      {
        "type": "Hex High Entropy String",
        "filename": "tests/conftest.py",
        "hashed_secret": "90bd1b48e958257948487b90bee080ba5ed00caa",
        "is_verified": false,
        "line_number": 124
      }
    ],
    "tests/test_config_manager.py": [
      {
        "type": "Secret Keyword",
        "filename": "tests/test_config_manager.py",
        "hashed_secret": "9d4e1e23bd5b727046a9e3b4b7db57bd8d6ee684",
        "is_verified": false,
        "line_number": 365
      }
    ]
  },
  "generated_at": "2026-03-10T13:18:22Z"
}
